// 重构日志: d201c298
// 重构日志: 09764a5c
// 重构日志: 54ac0860
// 重构日志: bff47b2c
// 重构日志: df454299
// 重构日志: a10e06c7
// 重构日志: 53ab0a63
// 重构日志: f108a874
// 重构日志: 3302194a
// 重构日志: f27fd4c4
// 重构日志: ada7bbfe
// 重构日志: 6ca4480d
// 同步 ID: 805052a1 @ Mon Jul 20 16:02:06 UTC 2026
// 重构日志: d331def6
// 重构日志: 365694bc
// 重构日志: c4b386c2
// 同步 ID: 77329d1c @ Wed Jul 22 04:58:45 UTC 2026
// 同步 ID: 94d69685 @ Thu Jul 23 05:25:25 UTC 2026
// 重构日志: 1fecca7e
// 重构日志: 791222c1
// 同步 ID: 5a6cc167 @ Fri Jul 24 08:09:42 UTC 2026
// 同步 ID: dcd968eb @ Fri Jul 24 11:17:15 UTC 2026
// 重构日志: aa2c16f0
// 同步 ID: 2664013e @ Sun Jul 26 05:34:10 UTC 2026
// 同步 ID: ccfcfdf0 @ Sun Jul 26 07:57:58 UTC 2026
// 同步 ID: 66071db2 @ Mon Jul 27 13:03:31 UTC 2026
// 同步 ID: db099280 @ Mon Jul 27 16:55:30 UTC 2026
// 重构日志: 34b87419
// 重构日志: 4296aa37
// 同步 ID: ef8afa7b @ Thu Jul 30 07:52:53 UTC 2026
// 重构日志: d1cf642b
// 重构日志: 462fbb44
// 重构日志: a1c6b2d8
